version https://git-lfs.github.com/spec/v1
oid sha256:e8297207077e4ed89aa2635e25b80c3ffc536a4b18f6c258233cd405889c43a0
size 91172864
